// Vitest Snapshot v1, https://vitest.dev/guide/snapshot.html

exports[`Renderer wrappers match existing *RenderToString output > HackernoonRenderer equals hackernoonRenderToString and the snapshot digest 1`] = `"9c80030e299d59f1739352e5747de3388d56c08dfc0b933b79aad46160be8996"`;

exports[`Renderer wrappers match existing *RenderToString output > MailchimpRenderer equals mailchimpRenderToString and the snapshot digest 1`] = `"6d1c3e6987ed8ae1443ec633d11d5877d4bb6ce19261bd4a340c942e0ada64e8"`;

exports[`Renderer wrappers match existing *RenderToString output > NomoretogoRenderer equals nomoretogoRenderToString and the snapshot digest 1`] = `"1653b47fcc68f6a85135dffb3a5e6cbd03d94b228a5549890f280f3f673d6b4a"`;
